<html>
<body>
<pre>
<h1>µVision Build Log</h1>
<h2>Tool Versions:</h2>
IDE-Version: µVision V5.38.0.0
Copyright (C) 2022 ARM Ltd and ARM Germany GmbH. All rights reserved.
License Information: s s, s, LIC=X96CK-ZZ526-LQR0Q-NV3ZW-I4FUN-QTSAR
 
Tool Versions:
Toolchain:       MDK-ARM Plus  Version: 5.38.0.0
Toolchain Path:  D:\Keil_v5\ARM\ARMCLANG\Bin
C Compiler:      ArmClang.exe V6.19
Assembler:       Armasm.exe V6.19
Linker/Locator:  ArmLink.exe V6.19
Library Manager: ArmAr.exe V6.19
Hex Converter:   FromElf.exe V6.19
CPU DLL:         SARMCM3.DLL V5.38.0.0
Dialog DLL:      DCM.DLL V1.17.5.0
Target DLL:      STLink\ST-LINKIII-KEIL_SWO.dll V3.1.0.0
Dialog DLL:      TCM.DLL V1.56.4.0
 
<h2>Project:</h2>
D:\Ariapa\STM\F103C8T Mcudev\Projects\Disp Tempeture on OLED\MDK-ARM\Disp Tempeture on OLED.uvprojx
Project File Date:  07/10/2024

<h2>Output:</h2>
*** Using Compiler 'V6.19', folder: 'D:\Keil_v5\ARM\ARMCLANG\Bin'
Build target 'Disp Tempeture on OLED'
Note: source file '..\Drivers\ssd1306\ssd1306.c' - object file renamed from 'Disp Tempeture on OLED\ssd1306.o' to 'Disp Tempeture on OLED\ssd1306_1.o'.
Note: source file '..\Drivers\ssd1306\ssd1306_fonts.c' - object file renamed from 'Disp Tempeture on OLED\ssd1306_fonts.o' to 'Disp Tempeture on OLED\ssd1306_fonts_1.o'.
Note: source file '..\Drivers\ssd1306\ssd1306_tests.c' - object file renamed from 'Disp Tempeture on OLED\ssd1306_tests.o' to 'Disp Tempeture on OLED\ssd1306_tests_1.o'.
compiling stm32f1xx_it.c...
linking...
Program Size: Code=20748 RO-data=5836 RW-data=12 ZI-data=2964  
FromELF: creating hex file...
"Disp Tempeture on OLED\Disp Tempeture on OLED.axf" - 0 Error(s), 0 Warning(s).

<h2>Software Packages used:</h2>

Package Vendor: ARM
                http://www.keil.com/pack/ARM.CMSIS.5.9.0.pack
                ARM.CMSIS.5.9.0
                CMSIS (Common Microcontroller Software Interface Standard)
   * Component: CORE Version: 5.6.0

Package Vendor: Keil
                https://www.keil.com/pack/Keil.STM32F1xx_DFP.2.4.1.pack
                Keil.STM32F1xx_DFP.2.4.1
                STMicroelectronics STM32F1 Series Device Support, Drivers and Examples

<h2>Collection of Component include folders:</h2>
  ./RTE/_Disp_Tempeture_on_OLED
  D:/Keil_v5/ARM/CMSIS/5.9.0/CMSIS/Core/Include
  D:/Keil_v5/Keil/STM32F1xx_DFP/2.4.1/Device/Include

<h2>Collection of Component Files used:</h2>

   * Component: ARM::CMSIS:CORE:5.6.0
      Include file:  CMSIS/Core/Include/tz_context.h
Build Time Elapsed:  00:00:00
</pre>
</body>
</html>
